// Jest Snapshot v1, https://goo.gl/fbAQLP

exports[`Jest Snapshot testing suite Matches DOM Snapshot 1`] = `<index />`;

exports[`index renders correctly 1`] = `
<index
  page="http://www.facebook.com"
>
  Facebook
</index>
`;

exports[`renders correctly 1`] = `
<index
  page="http://www.facebook.com"
>
  Facebook
</index>
`;
